// Jest Snapshot v1, https://goo.gl/fbAQLP

exports[`AppHeader has a valid snapshot 1`] = `
<header
  className="App-header"
>
  <img
    alt="logo"
    className="App-logo"
    src="logo.svg"
  />
  <h1
    className="App-title"
  >
    Welcome to Hacker News with React
  </h1>
</header>
`;
