// Jest Snapshot v1, https://goo.gl/fbAQLP

exports[`App has a valid snapshot 1`] = `
<div
  className="App"
>
  <header
    className="App-header"
  >
    <img
      alt="logo"
      className="App-logo"
      src="logo.svg"
    />
    <h1
      className="App-title"
    >
      Welcome to Hacker News with React
    </h1>
  </header>
  <br />
  <div
    className="page"
  >
    <div
      className="interactions"
    >
      <form
        onSubmit={[Function]}
      >
        <input
          onChange={[Function]}
          type="text"
          value="redux"
        />
        <button
          type="submit"
        >
          <spam>
            Search 
          </spam>
        </button>
      </form>
    </div>
    <div
      className="table"
    >
      <div
        className="table-header"
      >
        <span
          style={
            Object {
              "width": "40%",
            }
          }
        >
          <button
            className="button-inline"
            onClick={[Function]}
            type="button"
          >
            Title
            <div
              className=""
            />
          </button>
        </span>
        <span
          style={
            Object {
              "width": "30%",
            }
          }
        >
          <button
            className="button-inline"
            onClick={[Function]}
            type="button"
          >
            Author
            <div
              className=""
            />
          </button>
        </span>
        <span
          style={
            Object {
              "width": "10%",
            }
          }
        >
          <button
            className="button-inline"
            onClick={[Function]}
            type="button"
          >
            Comments
            <div
              className=""
            />
          </button>
        </span>
        <span
          style={
            Object {
              "width": "10%",
            }
          }
        >
          <button
            className="button-inline"
            onClick={[Function]}
            type="button"
          >
            Points
            <div
              className=""
            />
          </button>
        </span>
        <span
          style={
            Object {
              "width": "10%",
            }
          }
        >
          Archive
        </span>
      </div>
    </div>
    <div
      className="interactions"
    >
      <div
        className="loader loader--style1"
        title="0"
      >
        <svg
          height="40px"
          id="loader-1"
          width="40px"
        >
          <path
            d="M20.201,5.169c-8.254,0-14.946,6.692-14.946,14.946c0,8.255,6.692,14.946,14.946,14.946 s14.946-6.691,14.946-14.946C35.146,11.861,28.455,5.169,20.201,5.169z M20.201,31.749c-6.425,0-11.634-5.208-11.634-11.634 c0-6.425,5.209-11.634,11.634-11.634c6.425,0,11.633,5.209,11.633,11.634C31.834,26.541,26.626,31.749,20.201,31.749z"
            opacity="0.2"
          />
          <path
            d="M26.013,10.047l1.654-2.866c-2.198-1.272-4.743-2.012-7.466-2.012h0v3.312h0 C22.32,8.481,24.301,9.057,26.013,10.047z"
            fill="#000"
          >
            <animateTransform
              attributeName="transform"
              attributeType="xml"
              dur="0.5s"
              from="0 20 20"
              repeatCount="indefinite"
              to="360 20 20"
              type="rotate"
            />
          </path>
        </svg>
      </div>
    </div>
  </div>
</div>
`;
