// Jest Snapshot v1, https://goo.gl/fbAQLP

exports[`App has a valid snapshot 1`] = `
<div
  className="App"
>
  <header
    className="App-header"
  >
    <img
      alt="logo"
      className="App-logo"
      src="logo.svg"
    />
    <h1
      className="App-title"
    >
      Welcome to Hacker News with React
    </h1>
  </header>
  <br />
  <div
    className="page"
  >
    <div
      className="interactions"
    >
      <form
        onSubmit={[Function]}
      >
        <input
          onChange={[Function]}
          type="text"
          value="redux"
        />
        <button
          type="submit"
        >
          <spam>
            Search 
          </spam>
        </button>
      </form>
    </div>
    <div
      className="table"
    />
    <div
      className="interactions"
    >
      <button
        className=""
        onClick={[Function]}
        type="button"
      >
        More
      </button>
    </div>
  </div>
</div>
`;

exports[`Button has a valid snapshot 1`] = `
<button
  className=""
  onClick={undefined}
  type="button"
>
  Testing
</button>
`;

exports[`Search has a valid snapshot 1`] = `
<form
  onSubmit={undefined}
>
  <input
    onChange={undefined}
    type="text"
    value={undefined}
  />
  <button
    type="submit"
  >
    Search
  </button>
</form>
`;

exports[`Table has a valid snapshot 1`] = `
<div
  className="table"
>
  <div
    className="table-row"
  >
    <span
      style={
        Object {
          "width": "40%",
        }
      }
    >
      <a
        href={undefined}
      >
        1
      </a>
    </span>
    <span
      style={
        Object {
          "width": "30%",
        }
      }
    >
      1
    </span>
    <span
      style={
        Object {
          "width": "10%",
        }
      }
    >
      1
    </span>
    <span
      style={
        Object {
          "width": "10%",
        }
      }
    >
      2
    </span>
    <span
      style={
        Object {
          "width": "10%",
        }
      }
    >
      <button
        className="button-inline"
        onClick={[Function]}
        type="button"
      >
        Dismiss
      </button>
    </span>
  </div>
  <div
    className="table-row"
  >
    <span
      style={
        Object {
          "width": "40%",
        }
      }
    >
      <a
        href={undefined}
      >
        2
      </a>
    </span>
    <span
      style={
        Object {
          "width": "30%",
        }
      }
    >
      2
    </span>
    <span
      style={
        Object {
          "width": "10%",
        }
      }
    >
      1
    </span>
    <span
      style={
        Object {
          "width": "10%",
        }
      }
    >
      2
    </span>
    <span
      style={
        Object {
          "width": "10%",
        }
      }
    >
      <button
        className="button-inline"
        onClick={[Function]}
        type="button"
      >
        Dismiss
      </button>
    </span>
  </div>
</div>
`;
